main.c:59:6:display7SEG_1	16	static
main.c:158:6:update7SEG	16	static
main.c:205:6:updateClockBuffer	4	static
main.c:242:5:main	8	static
main.c:322:6:SystemClock_Config	72	static
main.c:358:13:MX_TIM2_Init	32	static
main.c:403:13:MX_GPIO_Init	32	static
main.c:455:6:InitbinaryArr	24	static
main.c:465:6:toBinary	24	static
main.c:474:6:setLedMatrix	16	static
main.c:486:6:updateLEDMatrix	16	static
main.c:532:6:HAL_TIM_PeriodElapsedCallback	16	static
main.c:546:6:Error_Handler	4	static,ignoring_inline_asm
